<0> all      <?>       help                    <shift-s> open silences
<1> prod     <enter>   detail                  </>       filter
<2> staging  <space>   mark                    <shift-f> state filter
             <shift-v> mark range              <shift-c> common labels
             <s>       silence                 <shift-n> sort by instance label
┌────────────────────────────── HighCPU(prod)[2] ──────────────────────────────┐
│common: severity=critical                                                     │
│    SEVERITY ↑   INSTANCE                                STATE    AGE         │
│▸   critical     instance=web-01                         active   12m ago     │
│    critical     instance=web-02                         active   9m ago      │
│                                                                              │
│                                                                              │
│                                                                              │
│                                                                              │
│                                                                              │
│                                                                              │
│                                                                              │
│                                                                              │
│                                                                              │
│                                                                              │
│                                                                              │
│                                                                              │
└────────────────────────────── next refresh 1m ───────────────────────────────┘
<alerts> <instances>
