<0> all      <?>       help                               _    _    ___
<1> prod     <enter>   drill                             / \  / |  / _ \   _ __
<2> staging  <shift-n> sort by name                     / _ \ | | | | | | | '__|
             [-]       reset sort to default           / ___ \| | | |_| | | |
             <w>       toggle watch                   /_/   \_\_|  \___/  |_|
┌───────────────────────────── receivers(all)[3] ──────────────────────────────┐
│  TENANT          NAME ↑                                                      │
│▸ prod            pagerduty                                                   │
│  staging         slack-dev                                                   │
│  prod            slack-sre                                                   │
│                                                                              │
│                                                                              │
│                                                                              │
│                                                                              │
│                                                                              │
│                                                                              │
│                                                                              │
│                                                                              │
│                                                                              │
│                                                                              │
│                                                                              │
│                                                                              │
└──────────────────────────────────────────────────────────────────────────────┘
<receivers>
