<0> all      <?>       help                   [-]       reset sort to default                     _    _    ___
<1> prod     <enter>   config                                                                    / \  / |  / _ \   _ __
<2> staging  <shift-n> sort by name                                                             / _ \ | | | | | | | '__|
             <shift-u> sort by url                                                             / ___ \| | | |_| | | |
             <shift-v> sort by version                                                        /_/   \_\_|  \___/  |_|
┌────────────────────────────────────────────────── tenants(all)[2] ───────────────────────────────────────────────────┐
│        NAME ↑          URL                                                                             VERSION       │
│▸ [1] ● prod            https://am-prod.internal                                                        0.28.0        │
│  [2] ● staging         https://am-staging.internal                                                     0.28.0        │
│                                                                                                                      │
│                                                                                                                      │
│                                                                                                                      │
│                                                                                                                      │
│                                                                                                                      │
│                                                                                                                      │
│                                                                                                                      │
│                                                                                                                      │
│                                                                                                                      │
│                                                                                                                      │
│                                                                                                                      │
│                                                                                                                      │
│                                                                                                                      │
│                                                                                                                      │
│                                                                                                                      │
│                                                                                                                      │
│                                                                                                                      │
│                                                                                                                      │
│                                                                                                                      │
│                                                                                                                      │
│                                                                                                                      │
│                                                                                                                      │
│                                                                                                                      │
│                                                                                                                      │
│                                                                                                                      │
│                                                                                                                      │
│                                                                                                                      │
│                                                                                                                      │
│                                                                                                                      │
└──────────────────────────────────────────────────────────────────────────────────────────────────────────────────────┘
<tenant>
