a10r dev commit=test built=test

config dir: /home/test/.config/a10r
state dir:  /home/test/.local/state/a10r
log path:   /home/test/.local/state/a10r/a10r.log
aliases:    0
theme:      auto (terminal decides at start)

backends (1):
  prod-eu
    url:    https://am-prod-eu.internal

guardrails (4):
  tenants=prod-*  actions=silence.expire  deny  reason="change ticket only"
  tenants=prod-*  actions=*  confirmation=type-tenant-name
  tenants=*  actions=*  max_bulk=20
  tenants=lab-*  actions=*  deny
  warning: tenant glob "lab-*" matches no configured backend
